Microsoft Windows [Version 10.0.19041.804]
(c) 2020 Microsoft Corporation. Wszelkie prawa zastrzeÅ¼one.

C:\Users\Hubert>cd C:\Users\Hubert\IdeaProjects\Lab1\src

C:\Users\Hubert\IdeaProjects\Lab1\src>javac pl\lublin\wsei\java\cwiczenia\Main.java

C:\Users\Hubert\IdeaProjects\Lab1\src>dir
 Volume in drive C has no label.
 Volume Serial Number is 3427-27D5

 Directory of C:\Users\Hubert\IdeaProjects\Lab1\src

01.03.2021  13:00    <DIR>          .
01.03.2021  13:00    <DIR>          ..
01.03.2021  13:00    <DIR>          pl
               0 File(s)              0 bytes
               3 Dir(s)     40839098368 bytes free

C:\Users\Hubert\IdeaProjects\Lab1\src>java pl.lublin.wsei.java.cwiczenia.Main
Hello Java world


C:\Users\Hubert\IdeaProjects\Lab1\src>java Main.class, java Main, java -
Error: Could not find or load main class Main.class,
Caused by: java.lang.ClassNotFoundException: Main.class,

C:\Users\Hubert\IdeaProjects\Lab1\src>classpath . Mai
'classpath' is not recognized as an internal or external command,
operable program or batch file.

C:\Users\Hubert\IdeaProjects\Lab1\src>ren pl\lublin\wsei\java\cwiczenia\Main.java Inny.java

C:\Users\Hubert\IdeaProjects\Lab1\src>ren pl\lublin\wsei\java\cwiczenia\Inny.java Main.java

C:\Users\Hubert\IdeaProjects\Lab1\src>
